build/types/validator.ts(180,31): error TS2344: Type 'typeof import("C:/Users/anura/Desktop/HACKTHON/Parttime/Task/taskdock/src/app/api/broadcast/[id]/ack/route")' does not satisfy the constraint 'RouteHandlerConfig<"/api/broadcast/[id]/ack">'.
  Types of property 'POST' are incompatible.
    Type '(req: NextRequest, { params }: { params: { id: string; }; }) => Promise<NextResponse<{ ok: boolean; alreadyAcked: boolean; } | { ok: boolean; alreadyAcked?: undefined; }> | NextResponse<...>>' is not assignable to type '(request: NextRequest, context: { params: Promise<{ id: string; }>; }) => void | Response | Promise<void | Response>'.
      Types of parameters '__1' and 'context' are incompatible.
        Type '{ params: Promise<{ id: string; }>; }' is not assignable to type '{ params: { id: string; }; }'.
          Types of property 'params' are incompatible.
            Property 'id' is missing in type 'Promise<{ id: string; }>' but required in type '{ id: string; }'.
build/types/validator.ts(198,31): error TS2344: Type 'typeof import("C:/Users/anura/Desktop/HACKTHON/Parttime/Task/taskdock/src/app/api/credentials/[id]/renew/route")' does not satisfy the constraint 'RouteHandlerConfig<"/api/credentials/[id]/renew">'.
  Types of property 'POST' are incompatible.
    Type '(req: NextRequest, { params }: { params: { id: string; }; }) => Promise<NextResponse<{ ok: boolean; newRenewalDate: string | null; }> | NextResponse<{ error: any; }>>' is not assignable to type '(request: NextRequest, context: { params: Promise<{ id: string; }>; }) => void | Response | Promise<void | Response>'.
      Types of parameters '__1' and 'context' are incompatible.
        Type '{ params: Promise<{ id: string; }>; }' is not assignable to type '{ params: { id: string; }; }'.
          Types of property 'params' are incompatible.
            Property 'id' is missing in type 'Promise<{ id: string; }>' but required in type '{ id: string; }'.
src/app/actions/task.ts(180,24): error TS18048: 'session.user' is possibly 'undefined'.
src/app/admin/page.tsx(9,17): error TS18047: 'session' is possibly 'null'.
src/app/layout.tsx(111,26): error TS18048: 'session.user' is possibly 'undefined'.
src/app/layout.tsx(112,27): error TS18048: 'session.user' is possibly 'undefined'.
src/app/layout.tsx(114,27): error TS18048: 'session.user' is possibly 'undefined'.
src/components/layout/Sidebar.tsx(453,10): error TS2304: Cannot find name 'EmployeeBroadcasts'.
src/components/ui/TaskCard.tsx(52,14): error TS2339: Property 'events' does not exist on type 'TaskProps'.
src/components/ui/TaskCard.tsx(54,37): error TS2339: Property 'events' does not exist on type 'TaskProps'.
